// Jest Snapshot v1, https://goo.gl/fbAQLP

exports[`The greeter component on creating creates the expected DOM structure 1`] = `
"<greeter-component name-to-greete=\\"dummy-test\\">
    <style>
        .greeter-text {
          font-size: 250px;
        }
    </style>
    <div>
      <span class=\\"greeter-text\\">dummy-test</span>
      <button id=\\"notice-button\\">Notice!</button>
    </div>
</greeter-component>"
`;
